Archive member included because of file (symbol)

c:/program files (x86)/atmel/atmel toolchain/avr8 gcc/native/3.4.1061/avr8-gnu-toolchain/bin/../lib/gcc/avr/4.8.1/../../../../avr/lib/avr5\libm.a(addsf3.o)
                              Print.o (__subsf3)
c:/program files (x86)/atmel/atmel toolchain/avr8 gcc/native/3.4.1061/avr8-gnu-toolchain/bin/../lib/gcc/avr/4.8.1/../../../../avr/lib/avr5\libm.a(addsf3x.o)
                              c:/program files (x86)/atmel/atmel toolchain/avr8 gcc/native/3.4.1061/avr8-gnu-toolchain/bin/../lib/gcc/avr/4.8.1/../../../../avr/lib/avr5\libm.a(addsf3.o) (__addsf3x)
c:/program files (x86)/atmel/atmel toolchain/avr8 gcc/native/3.4.1061/avr8-gnu-toolchain/bin/../lib/gcc/avr/4.8.1/../../../../avr/lib/avr5\libm.a(cmpsf2.o)
                              Print.o (__ltsf2)
c:/program files (x86)/atmel/atmel toolchain/avr8 gcc/native/3.4.1061/avr8-gnu-toolchain/bin/../lib/gcc/avr/4.8.1/../../../../avr/lib/avr5\libm.a(divsf3.o)
                              Print.o (__divsf3)
c:/program files (x86)/atmel/atmel toolchain/avr8 gcc/native/3.4.1061/avr8-gnu-toolchain/bin/../lib/gcc/avr/4.8.1/../../../../avr/lib/avr5\libm.a(divsf3x.o)
                              c:/program files (x86)/atmel/atmel toolchain/avr8 gcc/native/3.4.1061/avr8-gnu-toolchain/bin/../lib/gcc/avr/4.8.1/../../../../avr/lib/avr5\libm.a(divsf3.o) (__divsf3x)
c:/program files (x86)/atmel/atmel toolchain/avr8 gcc/native/3.4.1061/avr8-gnu-toolchain/bin/../lib/gcc/avr/4.8.1/../../../../avr/lib/avr5\libm.a(fixsfsi.o)
                              Print.o (__fixsfsi)
c:/program files (x86)/atmel/atmel toolchain/avr8 gcc/native/3.4.1061/avr8-gnu-toolchain/bin/../lib/gcc/avr/4.8.1/../../../../avr/lib/avr5\libm.a(fixunssfsi.o)
                              Print.o (__fixunssfsi)
c:/program files (x86)/atmel/atmel toolchain/avr8 gcc/native/3.4.1061/avr8-gnu-toolchain/bin/../lib/gcc/avr/4.8.1/../../../../avr/lib/avr5\libm.a(floatsisf.o)
                              Print.o (__floatunsisf)
c:/program files (x86)/atmel/atmel toolchain/avr8 gcc/native/3.4.1061/avr8-gnu-toolchain/bin/../lib/gcc/avr/4.8.1/../../../../avr/lib/avr5\libm.a(fp_cmp.o)
                              c:/program files (x86)/atmel/atmel toolchain/avr8 gcc/native/3.4.1061/avr8-gnu-toolchain/bin/../lib/gcc/avr/4.8.1/../../../../avr/lib/avr5\libm.a(cmpsf2.o) (__fp_cmp)
c:/program files (x86)/atmel/atmel toolchain/avr8 gcc/native/3.4.1061/avr8-gnu-toolchain/bin/../lib/gcc/avr/4.8.1/../../../../avr/lib/avr5\libm.a(fp_inf.o)
                              c:/program files (x86)/atmel/atmel toolchain/avr8 gcc/native/3.4.1061/avr8-gnu-toolchain/bin/../lib/gcc/avr/4.8.1/../../../../avr/lib/avr5\libm.a(addsf3x.o) (__fp_inf)
c:/program files (x86)/atmel/atmel toolchain/avr8 gcc/native/3.4.1061/avr8-gnu-toolchain/bin/../lib/gcc/avr/4.8.1/../../../../avr/lib/avr5\libm.a(fp_nan.o)
                              c:/program files (x86)/atmel/atmel toolchain/avr8 gcc/native/3.4.1061/avr8-gnu-toolchain/bin/../lib/gcc/avr/4.8.1/../../../../avr/lib/avr5\libm.a(addsf3x.o) (__fp_nan)
c:/program files (x86)/atmel/atmel toolchain/avr8 gcc/native/3.4.1061/avr8-gnu-toolchain/bin/../lib/gcc/avr/4.8.1/../../../../avr/lib/avr5\libm.a(fp_pscA.o)
                              c:/program files (x86)/atmel/atmel toolchain/avr8 gcc/native/3.4.1061/avr8-gnu-toolchain/bin/../lib/gcc/avr/4.8.1/../../../../avr/lib/avr5\libm.a(addsf3x.o) (__fp_pscA)
c:/program files (x86)/atmel/atmel toolchain/avr8 gcc/native/3.4.1061/avr8-gnu-toolchain/bin/../lib/gcc/avr/4.8.1/../../../../avr/lib/avr5\libm.a(fp_pscB.o)
                              c:/program files (x86)/atmel/atmel toolchain/avr8 gcc/native/3.4.1061/avr8-gnu-toolchain/bin/../lib/gcc/avr/4.8.1/../../../../avr/lib/avr5\libm.a(addsf3x.o) (__fp_pscB)
c:/program files (x86)/atmel/atmel toolchain/avr8 gcc/native/3.4.1061/avr8-gnu-toolchain/bin/../lib/gcc/avr/4.8.1/../../../../avr/lib/avr5\libm.a(fp_round.o)
                              c:/program files (x86)/atmel/atmel toolchain/avr8 gcc/native/3.4.1061/avr8-gnu-toolchain/bin/../lib/gcc/avr/4.8.1/../../../../avr/lib/avr5\libm.a(addsf3.o) (__fp_round)
c:/program files (x86)/atmel/atmel toolchain/avr8 gcc/native/3.4.1061/avr8-gnu-toolchain/bin/../lib/gcc/avr/4.8.1/../../../../avr/lib/avr5\libm.a(fp_split3.o)
                              c:/program files (x86)/atmel/atmel toolchain/avr8 gcc/native/3.4.1061/avr8-gnu-toolchain/bin/../lib/gcc/avr/4.8.1/../../../../avr/lib/avr5\libm.a(addsf3x.o) (__fp_split3)
c:/program files (x86)/atmel/atmel toolchain/avr8 gcc/native/3.4.1061/avr8-gnu-toolchain/bin/../lib/gcc/avr/4.8.1/../../../../avr/lib/avr5\libm.a(fp_zero.o)
                              c:/program files (x86)/atmel/atmel toolchain/avr8 gcc/native/3.4.1061/avr8-gnu-toolchain/bin/../lib/gcc/avr/4.8.1/../../../../avr/lib/avr5\libm.a(addsf3x.o) (__fp_zero)
[...]
Memory Configuration

Name             Origin             Length             Attributes
text             0x00000000         0x00020000         xr
data             0x00800060         0x0000ffa0         rw !x
eeprom           0x00810000         0x00010000         rw !x
fuse             0x00820000         0x00000400         rw !x
lock             0x00830000         0x00000400         rw !x
signature        0x00840000         0x00000400         rw !x
user_signatures  0x00850000         0x00000400         rw !x
*default*        0x00000000         0xffffffff

Linker script and memory map

LOAD c:/program files (x86)/atmel/atmel toolchain/avr8 gcc/native/3.4.1061/avr8-gnu-toolchain/bin/../lib/gcc/avr/4.8.1/../../../../avr/lib/avr5/crtm16a.o
LOAD LiquidCrystal.o
LOAD nabard_last.o
LOAD Print.o
LOAD wiring.o
LOAD wiring_digital.o
LOAD WString.o
START GROUP
LOAD c:/program files (x86)/atmel/atmel toolchain/avr8 gcc/native/3.4.1061/avr8-gnu-toolchain/bin/../lib/gcc/avr/4.8.1/../../../../avr/lib/avr5\libm.a
END GROUP
LOAD c:/program files (x86)/atmel/atmel toolchain/avr8 gcc/native/3.4.1061/avr8-gnu-toolchain/bin/../lib/gcc/avr/4.8.1/avr5\libgcc.a
LOAD c:/program files (x86)/atmel/atmel toolchain/avr8 gcc/native/3.4.1061/avr8-gnu-toolchain/bin/../lib/gcc/avr/4.8.1/../../../../avr/lib/avr5\libm.a
START GROUP
LOAD c:/program files (x86)/atmel/atmel toolchain/avr8 gcc/native/3.4.1061/avr8-gnu-toolchain/bin/../lib/gcc/avr/4.8.1/avr5\libgcc.a
LOAD c:/program files (x86)/atmel/atmel toolchain/avr8 gcc/native/3.4.1061/avr8-gnu-toolchain/bin/../lib/gcc/avr/4.8.1/../../../../avr/lib/avr5\libm.a
LOAD c:/program files (x86)/atmel/atmel toolchain/avr8 gcc/native/3.4.1061/avr8-gnu-toolchain/bin/../lib/gcc/avr/4.8.1/../../../../avr/lib/avr5\libc.a
END GROUP

.hash
 *(.hash)

.dynsym
 *(.dynsym)

.dynstr
 *(.dynstr)

.gnu.version
 *(.gnu.version)

.gnu.version_d
 *(.gnu.version_d)

.gnu.version_r
 *(.gnu.version_r)

.rel.init
 *(.rel.init)

.rela.init
 *(.rela.init)

.rel.text
 *(.rel.text)
 *(.rel.text.*)
 *(.rel.gnu.linkonce.t*)

.rela.text
 *(.rela.text)
 *(.rela.text.*)
 *(.rela.gnu.linkonce.t*)

.rel.fini
 *(.rel.fini)

.rela.fini
 *(.rela.fini)

.rel.rodata
 *(.rel.rodata)
 *(.rel.rodata.*)
 *(.rel.gnu.linkonce.r*)

.rela.rodata
 *(.rela.rodata)
 *(.rela.rodata.*)
 *(.rela.gnu.linkonce.r*)

.rel.data
 *(.rel.data)
 *(.rel.data.*)
 *(.rel.gnu.linkonce.d*)

.rela.data
 *(.rela.data)
 *(.rela.data.*)
 *(.rela.gnu.linkonce.d*)

.rel.ctors
 *(.rel.ctors)

.rela.ctors
 *(.rela.ctors)

.rel.dtors
 *(.rel.dtors)

.rela.dtors
 *(.rela.dtors)

.rel.got
 *(.rel.got)

.rela.got
 *(.rela.got)

.rel.bss
 *(.rel.bss)

.rela.bss
 *(.rela.bss)

.rel.plt
 *(.rel.plt)

.rela.plt
 *(.rela.plt)

.text           0x00000000      0xf78
 *(.vectors)
 .vectors       0x00000000       0x54 c:/program files (x86)/atmel/atmel toolchain/avr8 gcc/native/3.4.1061/avr8-gnu-toolchain/bin/../lib/gcc/avr/4.8.1/../../../../avr/lib/avr5/crtm16a.o
                0x00000000                __vector_default
                0x00000000                __vectors
 *(.vectors)
 *(.progmem.gcc*)
                0x00000054                . = ALIGN (0x2)
                0x00000054                __trampolines_start = .
 *(.trampolines)
 .trampolines   0x00000054        0x0 linker stubs
 *(.trampolines*)
                0x00000054                __trampolines_end = .
 *(.progmem*)
 .progmem.data.digital_pin_to_timer_PGM
                0x00000054       0x20 wiring_digital.o
                0x00000054                digital_pin_to_timer_PGM
 .progmem.data.digital_pin_to_bit_mask_PGM
                0x00000074       0x20 wiring_digital.o
                0x00000074                digital_pin_to_bit_mask_PGM
 .progmem.data.digital_pin_to_port_PGM
                0x00000094       0x20 wiring_digital.o
                0x00000094                digital_pin_to_port_PGM
 .progmem.data.port_to_output_PGM
                0x000000b4        0xa wiring_digital.o
                0x000000b4                port_to_output_PGM
 .progmem.data.port_to_mode_PGM
                0x000000be        0xa wiring_digital.o
                0x000000be                port_to_mode_PGM
                0x000000c8                . = ALIGN (0x2)
 *(.jumptables)
 *(.jumptables*)
 *(.lowtext)
 *(.lowtext*)
                0x000000c8                __ctors_start = .
 *(.ctors)
 .ctors         0x000000c8        0x2 nabard_last.o
                0x000000ca                __ctors_end = .
                0x000000ca                __dtors_start = .
 *(.dtors)
                0x000000ca                __dtors_end = .
 SORT(*)(.ctors)
 SORT(*)(.dtors)
 *(.init0)
 .init0         0x000000ca        0x0 c:/program files (x86)/atmel/atmel toolchain/avr8 gcc/native/3.4.1061/avr8-gnu-toolchain/bin/../lib/gcc/avr/4.8.1/../../../../avr/lib/avr5/crtm16a.o
                0x000000ca                __init
 *(.init0)
 *(.init1)
 *(.init1)
 *(.init2)
 .init2         0x000000ca        0xc c:/program files (x86)/atmel/atmel toolchain/avr8 gcc/native/3.4.1061/avr8-gnu-toolchain/bin/../lib/gcc/avr/4.8.1/../../../../avr/lib/avr5/crtm16a.o
 *(.init2)
 *(.init3)
 *(.init3)
 *(.init4)
 .init4         0x000000d6       0x16 c:/program files (x86)/atmel/atmel toolchain/avr8 gcc/native/3.4.1061/avr8-gnu-toolchain/bin/../lib/gcc/avr/4.8.1/avr5\libgcc.a(_copy_data.o)
                0x000000d6                __do_copy_data
 .init4         0x000000ec       0x10 c:/program files (x86)/atmel/atmel toolchain/avr8 gcc/native/3.4.1061/avr8-gnu-toolchain/bin/../lib/gcc/avr/4.8.1/avr5\libgcc.a(_clear_bss.o)
                0x000000ec                __do_clear_bss
 *(.init4)
 *(.init5)
 *(.init5)
 *(.init6)
 .init6         0x000000fc       0x16 c:/program files (x86)/atmel/atmel toolchain/avr8 gcc/native/3.4.1061/avr8-gnu-toolchain/bin/../lib/gcc/avr/4.8.1/avr5\libgcc.a(_ctors.o)
                0x000000fc                __do_global_ctors
 *(.init6)
 *(.init7)
 *(.init7)
 *(.init8)
 *(.init8)
 *(.init9)
 .init9         0x00000112        0x8 c:/program files (x86)/atmel/atmel toolchain/avr8 gcc/native/3.4.1061/avr8-gnu-toolchain/bin/../lib/gcc/avr/4.8.1/../../../../avr/lib/avr5/crtm16a.o
 *(.init9)
 *(.text)
 .text          0x0000011a        0x4 c:/program files (x86)/atmel/atmel toolchain/avr8 gcc/native/3.4.1061/avr8-gnu-toolchain/bin/../lib/gcc/avr/4.8.1/../../../../avr/lib/avr5/crtm16a.o
                0x0000011a                __vector_1
                0x0000011a                __vector_12
                0x0000011a                __bad_interrupt
                0x0000011a                __vector_6
                0x0000011a                __vector_3
                0x0000011a                __vector_11
                0x0000011a                __vector_13
                0x0000011a                __vector_17
                0x0000011a                __vector_19
                0x0000011a                __vector_7
                0x0000011a                __vector_5
                0x0000011a                __vector_4
                0x0000011a                __vector_2
                0x0000011a                __vector_15
                0x0000011a                __vector_8
                0x0000011a                __vector_14
                0x0000011a                __vector_10
                0x0000011a                __vector_16
                0x0000011a                __vector_18
                0x0000011a                __vector_20
                0x0000011e                . = ALIGN (0x2)
 *(.text.*)
 .text._ZN13LiquidCrystal11pulseEnableEv
                0x0000011e       0x3c LiquidCrystal.o
                0x0000011e                _ZN13LiquidCrystal11pulseEnableEv
 .text._ZN13LiquidCrystal10write4bitsEh
                0x0000015a       0x6e LiquidCrystal.o
                0x0000015a                _ZN13LiquidCrystal10write4bitsEh
 .text._ZN13LiquidCrystal10write8bitsEh
                0x000001c8       0x6e LiquidCrystal.o
                0x000001c8                _ZN13LiquidCrystal10write8bitsEh
 .text._ZN13LiquidCrystal4sendEhh
                0x00000236       0x5a LiquidCrystal.o
                0x00000236                _ZN13LiquidCrystal4sendEhh
 .text._ZN13LiquidCrystal5clearEv
                0x00000290       0x12 LiquidCrystal.o
                0x00000290                _ZN13LiquidCrystal5clearEv
 .text._ZN13LiquidCrystal9setCursorEhh
                0x000002a2       0x26 LiquidCrystal.o
                0x000002a2                _ZN13LiquidCrystal9setCursorEhh
 .text._ZN13LiquidCrystal7displayEv
                0x000002c8       0x14 LiquidCrystal.o
                0x000002c8                _ZN13LiquidCrystal7displayEv
 .text._ZN13LiquidCrystal5beginEhhh
                0x000002dc       0xf6 LiquidCrystal.o
                0x000002dc                _ZN13LiquidCrystal5beginEhhh
 .text._ZN13LiquidCrystal4initEhhhhhhhhhhhh
                0x000003d2       0x8e LiquidCrystal.o
                0x000003d2                _ZN13LiquidCrystal4initEhhhhhhhhhhhh
 .text._ZN13LiquidCrystalC2Ehhhhhhh
                0x00000460       0x4c LiquidCrystal.o
                0x00000460                _ZN13LiquidCrystalC2Ehhhhhhh
                0x00000460                _ZN13LiquidCrystalC1Ehhhhhhh
 .text._ZN13LiquidCrystal5writeEh
                0x000004ac        0xc LiquidCrystal.o
                0x000004ac                _ZN13LiquidCrystal5writeEh
 .text._Z4homev
                0x000004b8        0x8 nabard_last.o
                0x000004b8                _Z4homev
 .text._Z18cup_presence_checkv
                0x000004c0       0x24 nabard_last.o
                0x000004c0                _Z18cup_presence_checkv
 .text._Z18cup_position_checkv
                0x000004e4       0x22 nabard_last.o
                0x000004e4                _Z18cup_position_checkv
 .text._Z13conveyor_stopv
                0x00000506       0x2e nabard_last.o
                0x00000506                _Z13conveyor_stopv
 .text._Z9var_resetv
                0x00000534       0x18 nabard_last.o
                0x00000534                _Z9var_resetv
 .text._Z13check_new_cupv
                0x0000054c       0x50 nabard_last.o
                0x0000054c                _Z13check_new_cupv
 .text._Z10stop_checkv
                0x0000059c        0x8 nabard_last.o
                0x0000059c                _Z10stop_checkv
 .text._Z3runv  0x000005a4      0x200 nabard_last.o
                0x000005a4                _Z3runv
 .text._Z12manual_checkv
                0x000007a4      0x12e nabard_last.o
                0x000007a4                _Z12manual_checkv
 .text.main     0x000008d2       0xcc nabard_last.o
                0x000008d2                main
 .text._Z4haltv
                0x0000099e       0x88 nabard_last.o
                0x0000099e                _Z4haltv
 .text._Z12shutter_openv
                0x00000a26      0x2d2 nabard_last.o
                0x00000a26                _Z12shutter_openv
 .text._GLOBAL__sub_I_cup
                0x00000cf8       0x3a nabard_last.o
 .text._ZN5Print5writeEPKhj
                0x00000d32       0x5c Print.o
                0x00000d32                _ZN5Print5writeEPKhj
 .text._ZN5Print5printEPKc
                0x00000d8e       0x2c Print.o
                0x00000d8e                _ZN5Print5printEPKc
 .text.__vector_9
                0x00000dba       0x94 wiring.o
                0x00000dba                __vector_9
 .text.delayMicroseconds
                0x00000e4e       0x18 wiring.o
                0x00000e4e                delayMicroseconds
 .text.turnOffPWM
                0x00000e66       0x24 wiring_digital.o
 .text.pinMode  0x00000e8a       0x7c wiring_digital.o
                0x00000e8a                pinMode
 .text.digitalWrite
                0x00000f06       0x62 wiring_digital.o
                0x00000f06                digitalWrite
 .text.libgcc   0x00000f68        0xc c:/program files (x86)/atmel/atmel toolchain/avr8 gcc/native/3.4.1061/avr8-gnu-toolchain/bin/../lib/gcc/avr/4.8.1/avr5\libgcc.a(_tablejump.o)
                0x00000f68                __tablejump2__
                0x00000f6c                __tablejump__
                0x00000f74                . = ALIGN (0x2)
 *(.fini9)
 .fini9         0x00000f74        0x0 c:/program files (x86)/atmel/atmel toolchain/avr8 gcc/native/3.4.1061/avr8-gnu-toolchain/bin/../lib/gcc/avr/4.8.1/avr5\libgcc.a(_exit.o)
                0x00000f74                _exit
                0x00000f74                exit
 *(.fini9)
 *(.fini8)
 *(.fini8)
 *(.fini7)
 *(.fini7)
 *(.fini6)
 *(.fini6)
 *(.fini5)
 *(.fini5)
 *(.fini4)
 *(.fini4)
 *(.fini3)
 *(.fini3)
 *(.fini2)
 *(.fini2)
 *(.fini1)
 *(.fini1)
 *(.fini0)
 .fini0         0x00000f74        0x4 c:/program files (x86)/atmel/atmel toolchain/avr8 gcc/native/3.4.1061/avr8-gnu-toolchain/bin/../lib/gcc/avr/4.8.1/avr5\libgcc.a(_exit.o)
 *(.fini0)
                0x00000f78                _etext = .

.data           0x00800060       0xa0 load address 0x00000f78
                0x00800060                PROVIDE (__data_start, .)
 *(.data)
 *(.data*)
 .data._ZZ12manual_checkvE2hi
                0x00800060        0x1 nabard_last.o
 .data.new_cup_flag_r
                0x00800061        0x1 nabard_last.o
                0x00800061                new_cup_flag_r
 .data.new_cup_flag_l
                0x00800062        0x1 nabard_last.o
                0x00800062                new_cup_flag_l
 *(.rodata)
 *(.rodata*)
 .rodata._ZTV13LiquidCrystal
                0x00800063        0x8 LiquidCrystal.o
                0x00800063                _ZTV13LiquidCrystal
 .rodata.str1.1
                0x0080006b       0x94 nabard_last.o
 *(.gnu.linkonce.d*)
                0x00800100                . = ALIGN (0x2)
 *fill*         0x008000ff        0x1 
                0x00800100                _edata = .
                0x00800100                PROVIDE (__data_end, .)

.bss            0x00800100       0x28
                0x00800100                PROVIDE (__bss_start, .)
 *(.bss)
 *(.bss*)
 .bss._ZZ13check_new_cupvE13cup_missing_l
                0x00800100        0x1 nabard_last.o
 .bss._ZZ13check_new_cupvE13cup_missing_r
                0x00800101        0x1 nabard_last.o
 .bss._ZZ4haltvE13conveyor_flag
                0x00800102        0x1 nabard_last.o
 .bss.lcd       0x00800103       0x18 nabard_last.o
                0x00800103                lcd
 .bss.p_flag    0x0080011b        0x1 nabard_last.o
                0x0080011b                p_flag
 .bss.wait_check
                0x0080011c        0x1 nabard_last.o
                0x0080011c                wait_check
 .bss.start_stop_status
                0x0080011d        0x1 nabard_last.o
                0x0080011d                start_stop_status
 .bss.cup       0x0080011e        0x1 nabard_last.o
                0x0080011e                cup
 .bss.timer0_fract
                0x0080011f        0x1 wiring.o
 .bss.timer0_millis
                0x00800120        0x4 wiring.o
                0x00800120                timer0_millis
 .bss.timer0_overflow_count
                0x00800124        0x4 wiring.o
                0x00800124                timer0_overflow_count
 *(COMMON)
                0x00800128                PROVIDE (__bss_end, .)
                0x00000f78                __data_load_start = LOADADDR (.data)
                0x00001018                __data_load_end = (__data_load_start + SIZEOF (.data))

.noinit         0x00800128        0x0
                0x00800128                PROVIDE (__noinit_start, .)
 *(.noinit*)
                0x00800128                PROVIDE (__noinit_end, .)
                0x00800128                _end = .
                0x00800128                PROVIDE (__heap_start, .)

.eeprom         0x00810000        0x0
 *(.eeprom*)
                0x00810000                __eeprom_end = .

.fuse
 *(.fuse)
 *(.lfuse)
 *(.hfuse)
 *(.efuse)

.lock
 *(.lock*)

.signature
 *(.signature*)

.user_signatures
 *(.user_signatures*)

.stab
 *(.stab)

.stabstr
 *(.stabstr)

.stab.excl
 *(.stab.excl)

.stab.exclstr
 *(.stab.exclstr)

.stab.index
 *(.stab.index)

.stab.indexstr
 *(.stab.indexstr)

.comment        0x00000000       0x30
 *(.comment)
 .comment       0x00000000       0x30 LiquidCrystal.o
                                 0x31 (size before relaxing)
 .comment       0x00000000       0x31 nabard_last.o
 .comment       0x00000000       0x31 Print.o
 .comment       0x00000000       0x31 wiring.o
 .comment       0x00000000       0x31 wiring_digital.o

.note.gnu.build-id
 *(.note.gnu.build-id)

.debug
 *(.debug)

.line
 *(.line)

.debug_srcinfo
 *(.debug_srcinfo)

.debug_sfnames
 *(.debug_sfnames)

.debug_aranges  0x00000000      0x2e8
 *(.debug_aranges)
 .debug_aranges
                0x00000000       0xf8 LiquidCrystal.o
 .debug_aranges
                0x000000f8       0x88 nabard_last.o
 .debug_aranges
                0x00000180       0xe8 Print.o
 .debug_aranges
                0x00000268       0x48 wiring.o
 .debug_aranges
                0x000002b0       0x38 wiring_digital.o

.debug_pubnames
 *(.debug_pubnames)

.debug_info     0x00000000     0x5d3e
 *(.debug_info .gnu.linkonce.wi.*)
 .debug_info    0x00000000     0x1bcb LiquidCrystal.o
 .debug_info    0x00001bcb     0x137c nabard_last.o
 .debug_info    0x00002f47     0x2566 Print.o
 .debug_info    0x000054ad      0x2bb wiring.o
 .debug_info    0x00005768      0x5d6 wiring_digital.o

.debug_abbrev   0x00000000      0xccd
 *(.debug_abbrev)
 .debug_abbrev  0x00000000      0x348 LiquidCrystal.o
 .debug_abbrev  0x00000348      0x35a nabard_last.o
 .debug_abbrev  0x000006a2      0x39d Print.o
 .debug_abbrev  0x00000a3f      0x145 wiring.o
 .debug_abbrev  0x00000b84      0x149 wiring_digital.o

.debug_line     0x00000000      0xfd2
 *(.debug_line .debug_line.* .debug_line_end)
 .debug_line    0x00000000      0x454 LiquidCrystal.o
 .debug_line    0x00000454      0x4f0 nabard_last.o
 .debug_line    0x00000944      0x3ee Print.o
 .debug_line    0x00000d32      0x16c wiring.o
 .debug_line    0x00000e9e      0x134 wiring_digital.o

.debug_frame    0x00000000      0x980
 *(.debug_frame)
 .debug_frame   0x00000000      0x364 LiquidCrystal.o
 .debug_frame   0x00000364      0x12c nabard_last.o
 .debug_frame   0x00000490      0x3b8 Print.o
 .debug_frame   0x00000848       0xbc wiring.o
 .debug_frame   0x00000904       0x7c wiring_digital.o

.debug_str      0x00000000     0x1759
 *(.debug_str)
 .debug_str     0x00000000      0x71d LiquidCrystal.o
                                0x767 (size before relaxing)
 .debug_str     0x0000071d      0x27f nabard_last.o
                                0x4a4 (size before relaxing)
 .debug_str     0x0000099c      0xbfd Print.o
                                0xe15 (size before relaxing)
 .debug_str     0x00001599      0x105 wiring.o
                                0x1e5 (size before relaxing)
 .debug_str     0x0000169e       0xbb wiring_digital.o
                                0x254 (size before relaxing)

.debug_loc      0x00000000     0x43e0
 *(.debug_loc)
 .debug_loc     0x00000000     0x183e LiquidCrystal.o
 .debug_loc     0x0000183e      0x48f nabard_last.o
 .debug_loc     0x00001ccd     0x1f08 Print.o
 .debug_loc     0x00003bd5      0x237 wiring.o
 .debug_loc     0x00003e0c      0x5d4 wiring_digital.o

.debug_macinfo
 *(.debug_macinfo)

.debug_weaknames
 *(.debug_weaknames)

.debug_funcnames
 *(.debug_funcnames)

.debug_typenames
 *(.debug_typenames)

.debug_varnames
 *(.debug_varnames)

.debug_pubtypes
 *(.debug_pubtypes)

.debug_ranges   0x00000000      0x328
 *(.debug_ranges)
 .debug_ranges  0x00000000      0x100 LiquidCrystal.o
 .debug_ranges  0x00000100       0x78 nabard_last.o
 .debug_ranges  0x00000178      0x150 Print.o
 .debug_ranges  0x000002c8       0x38 wiring.o
 .debug_ranges  0x00000300       0x28 wiring_digital.o

.debug_macro
 *(.debug_macro)
OUTPUT(nabard_last.elf elf32-avr)
LOAD linker stubs
